C51 COMPILER V9.60.7.0   DEBUG                                                             03/25/2026 16:34:36 PAGE 1   


C51 COMPILER V9.60.7.0, COMPILATION OF MODULE DEBUG
OBJECT MODULE PLACED IN .\Release\Objects\debug.obj
COMPILER INVOKED BY: C:\Keil_v5\C51\BIN\C51.EXE ..\..\Libraries\Source\debug.c LARGE OPTIMIZE(9,SIZE) BROWSE ORDER INTVE
                    -CTOR(0X000C) INCDIR(..\..\Libraries\Include;..\..\User;..\..\Hardware) INTERVAL(3) DEBUG OBJECTEXTEND PRINT(.\Release\Li
                    -stings\debug.lst) OBJECT(.\Release\Objects\debug.obj)

line level    source

   1          /**
   2           ******************************************************************************
   3           * @file    debug.c
   4           * @author  HUGE-IC Application Team
   5           * @version V1.0.0
   6           * @date    01-05-2021
   7           * @brief   This file contains the debug function.
   8           ******************************************************************************
   9           * @attention
  10           *
  11           * <h2><center>&copy; COPYRIGHT 2021 HUGE-IC</center></h2>
  12           *
  13           *
  14           *
  15           ******************************************************************************
  16           */
  17          
  18          /* Includes ------------------------------------------------------------------*/
  19          #include "include.h"
  20          #include "user_config.h"
  21          
  22          /** @addtogroup Template_Project
  23           * @{
  24           */
  25          
  26          /* Private typedef -----------------------------------------------------------*/
  27          /* Private define ------------------------------------------------------------*/
  28          /* Private macro -------------------------------------------------------------*/
  29          /* Private variables ---------------------------------------------------------*/
  30          /* Private function prototypes -----------------------------------------------*/
  31          /* Private functions ---------------------------------------------------------*/
  32          
  33          #if DBG_PRINTF_EN
              // 重写puchar()函数
              char putchar(char c)
              {
                  while (!(UART1_STA & UART_TX_DONE(0x01)))
                      ;
                  UART1_DATA = c;
              
                  return c;
              }
              
              #if 0
              /**
               * @brief  Debug puchar function
               * @param  uart_data : Data that needs to be sent
               * @retval None
               */
              void debug_putchar(u8 uart_data)
              {
                  while (!(UART1_STA & UART_TX_DONE(0x01)))
                      ;
C51 COMPILER V9.60.7.0   DEBUG                                                             03/25/2026 16:34:36 PAGE 2   

                  UART1_DATA = uart_data;
                  while (!(UART1_STA & UART_TX_DONE(0x01)))
                      ;
              }
              #endif
              
              /**
               * @brief  Debug initialization function
               * @param  None
               * @retval None
               */
              void debug_init(void)
              {
                  // TX---P30(R16)
                  // P3_MD0 &= ~GPIO_P30_MODE_SEL(0x03);
                  // P3_MD0 |= GPIO_P30_MODE_SEL(0x01);
                  // FOUT_S30 = GPIO_FOUT_UART1_TX;
              
                  // P26
                  P2_MD1 &= ~GPIO_P26_MODE_SEL(0x03); // 清空对应的寄存器配置
                  P2_MD1 |= GPIO_P26_MODE_SEL(0x01);  // 配置为 输出模式
                  FOUT_S26 = GPIO_FOUT_UART1_TX;      // 输出功能选择
              
                  UART1_BAUD1 = (((SYSCLK - DEBUG_BAUD) / DEBUG_BAUD) >> 8) & 0xFF;
                  UART1_BAUD0 = ((SYSCLK - DEBUG_BAUD) / DEBUG_BAUD) & 0xFF;
                  UART1_CON0 = UART_EN(0x01); // UART使能
              }
              
              #endif
  83          #if 0
              /**
               * @brief  Debug User printf function
               * @param  p_data : The string to send
               * @retval None
               */
              void user_printf(char *p_data)
              {
                  while (*p_data != '\0')
                  {
                      debug_putchar(*p_data++);
                  }
              }
              #endif
  97          
  98          /*************************** (C) COPYRIGHT 2021 HUGE-IC ***** END OF FILE *****/


MODULE INFORMATION:   STATIC OVERLAYABLE
   CODE SIZE        =   ----    ----
   CONSTANT SIZE    =   ----    ----
   XDATA SIZE       =   ----    ----
   PDATA SIZE       =   ----    ----
   DATA SIZE        =   ----    ----
   IDATA SIZE       =   ----    ----
   BIT SIZE         =   ----    ----
END OF MODULE INFORMATION.


C51 COMPILATION COMPLETE.  0 WARNING(S),  0 ERROR(S)
