C51 COMPILER V9.60.7.0   TASK                                                              03/25/2026 16:34:37 PAGE 1   


C51 COMPILER V9.60.7.0, COMPILATION OF MODULE TASK
OBJECT MODULE PLACED IN .\Release\Objects\task.obj
COMPILER INVOKED BY: C:\Keil_v5\C51\BIN\C51.EXE ..\..\Hardware\task.c LARGE OPTIMIZE(9,SIZE) BROWSE ORDER INTVECTOR(0X00
                    -0C) INCDIR(..\..\Libraries\Include;..\..\User;..\..\Hardware) INTERVAL(3) DEBUG OBJECTEXTEND PRINT(.\Release\Listings\ta
                    -sk.lst) OBJECT(.\Release\Objects\task.obj)

line level    source

   1          #include "task.h"
   2          #include "user_config.h"
   3          #include "adc.h"
   4          #include "key.h"
   5          #include "motor_handle.h"
   6          #include "motor_status_feedback.h"
   7          
   8          // #define TASK_NUM_MAX 2 // 任务数量
   9          
  10          /*
  11              定义任务列表，在这里注册任务
  12          */
  13          void task_debug(void);
  14          static volatile task_ctl_block_t task_table[] = {
  15              {0, 0, 1, motor_handle_func_0}, //
  16              {0, 0, 1, motor_handle_func_1},
  17              // // =======================================================
  18              {0, 0, 5, key0_scan_handle},
  19              {0, 0, 5, key1_scan_handle},
  20              // =======================================================
  21              {0, 0, MOTOR_STATUS_SCAN_PERIOD, motor_status_scan}, // USER_TO_DO 测试时屏蔽
  22          
  23              // {0, 0, 1000, motor_status_feedback}, // USER_TO_DO 测试时使用 1000ms
  24              {0, 0, MOTOR_STATUS_FEEDBACK_PERIOD, motor_status_feedback}, // USER_TO_DO 测试时屏蔽，实际需
             -要恢复
  25          
  26          #if USER_DEBUG_ENABLE
              // {0, 0, 100, task_debug},
              #endif
  29          };
  30          
  31          // 任务处理，由主循环调用
  32          void task_handle(void)
  33          {
  34   1          u8 i = 0;
  35   1      
  36   1          for (i = 0; i < (sizeof(task_table) / sizeof(task_ctl_block_t)); i++)
  37   1          {
  38   2              // 如果有任务就绪，调用该任务
  39   2              if (task_table[i].is_task_enable)
  40   2              {
  41   3                  task_table[i].is_task_enable = 0;
  42   3                  task_table[i].task_func();
  43   3              }
  44   2          }
  45   1      }
  46          
  47          // 任务调度，由定时器中断调用（跑时间片计数）
  48          void task_schedule_tick(void)
  49          {
  50   1          u8 i = 0;
  51   1          for (i = 0; i < (sizeof(task_table) / sizeof(task_ctl_block_t)); i++)
  52   1          {
C51 COMPILER V9.60.7.0   TASK                                                              03/25/2026 16:34:37 PAGE 2   

  53   2              task_table[i].task_time_slice++;
  54   2              if (task_table[i].task_time_slice >= task_table[i].target_task_time_slice)
  55   2              {
  56   3                  task_table[i].task_time_slice = 0;
  57   3                  task_table[i].is_task_enable = 1;
  58   3              }
  59   2          }
  60   1      }
  61          
  62          #if USER_DEBUG_ENABLE
              void task_debug(void)
              {
              }
              #endif


MODULE INFORMATION:   STATIC OVERLAYABLE
   CODE SIZE        =    153    ----
   CONSTANT SIZE    =   ----    ----
   XDATA SIZE       =     48       1
   PDATA SIZE       =   ----    ----
   DATA SIZE        =   ----    ----
   IDATA SIZE       =   ----    ----
   BIT SIZE         =   ----    ----
END OF MODULE INFORMATION.


C51 COMPILATION COMPLETE.  0 WARNING(S),  0 ERROR(S)
